{'imports': {'numpy as np': [], 'matplotlib as mpl': []}, 'functions': {'foo_0': {'params': ['bar'], 'docstring': 'Checking for handling of spaces on a double line.'}, 'foo_1': {'params': ['bar'], 'docstring': 'Checking for handling of spaces on a single line.'}, 'foo_2': {'params': ['bar'], 'docstring': 'Checking for handling of spaces on a single line.'}, 'foo_3': {'params': ['bar'], 'docstring': 'Checking for handling of spaces on a double line.'}, 'foo_4': {'params': ['bar'], 'docstring': 'Checking for handling of spaces on a single line.'}, 'foo_5': {'params': ['bar'], 'docstring': 'Checking for handling of spaces on a double line.'}, 'foo_6': {'params': ['bar'], 'docstring': 'Checking for handling of spaces on a double line.'}, 'foo_7': {'params': ['bar'], 'docstring': 'Checking for handling of spaces on a single line.'}, 'foo_8': {'params': ['bar'], 'docstring': 'Checking for handling of spaces on a double line.'}, 'foo_9': {'params': ['bar'], 'docstring': 'Checking for handling of spaces on a double line.'}}}