{'foo_0': {'params': ['bar'], 'docstring': 'Checking for handling of spaces on a double line.'}, 'foo_1': {'params': ['bar'], 'docstring': 'Checking for handling of spaces on a double line.'}, 'foo_2': {'params': ['bar'], 'docstring': 'Checking for handling of spaces on a double line.'}, 'foo_3': {'params': ['bar'], 'docstring': 'Checking for handling of spaces on a double line.'}, 'foo_4': {'params': ['bar'], 'docstring': 'Checking for handling of spaces on a double line.'}}