(False, [{'line': '7', 'char': '22', 'description': 'W291 trailing whitespace'}, {'line': '9', 'char': '1', 'description': 'E402 module level import not at top of file'}, {'line': '14', 'char': '42', 'description': 'W291 trailing whitespace'}, {'line': '19', 'char': '80', 'description': 'E501 line too long (99 > 79 characters)'}, {'line': '23', 'char': '80', 'description': 'E501 line too long (98 > 79 characters)'}, {'line': '25', 'char': '72', 'description': 'W291 trailing whitespace'}, {'line': '27', 'char': '80', 'description': 'E501 line too long (99 > 79 characters)'}, {'line': '33', 'char': '80', 'description': 'E501 line too long (101 > 79 characters)'}, {'line': '37', 'char': '80', 'description': 'E501 line too long (100 > 79 characters)'}, {'line': '39', 'char': '74', 'description': 'W291 trailing whitespace'}, {'line': '41', 'char': '80', 'description': 'E501 line too long (100 > 79 characters)'}, {'line': '42', 'char': '65', 'description': 'W291 trailing whitespace'}, {'line': '46', 'char': '35', 'description': 'W291 trailing whitespace'}, {'line': '59', 'char': '5', 'description': 'E303 too many blank lines (2)'}, {'line': '63', 'char': '1', 'description': 'W293 blank line contains whitespace'}, {'line': '65', 'char': '5', 'description': 'E303 too many blank lines (2)'}, {'line': '71', 'char': '1', 'description': 'E303 too many blank lines (4)'}, {'line': '76', 'char': '28', 'description': 'W292 no newline at end of file'}])