(False, [{'line': '2', 'char': '22', 'description': 'W291 trailing whitespace'}, {'line': '4', 'char': '1', 'description': 'E402 module level import not at top of file'}, {'line': '5', 'char': '1', 'description': 'E402 module level import not at top of file'}, {'line': '6', 'char': '1', 'description': 'E402 module level import not at top of file'}, {'line': '7', 'char': '1', 'description': 'E402 module level import not at top of file'}, {'line': '8', 'char': '1', 'description': 'E402 module level import not at top of file'}, {'line': '13', 'char': '42', 'description': 'W291 trailing whitespace'}, {'line': '18', 'char': '80', 'description': 'E501 line too long (99 > 79 characters)'}, {'line': '22', 'char': '80', 'description': 'E501 line too long (98 > 79 characters)'}, {'line': '24', 'char': '72', 'description': 'W291 trailing whitespace'}, {'line': '26', 'char': '80', 'description': 'E501 line too long (99 > 79 characters)'}, {'line': '32', 'char': '80', 'description': 'E501 line too long (101 > 79 characters)'}, {'line': '36', 'char': '80', 'description': 'E501 line too long (100 > 79 characters)'}, {'line': '38', 'char': '74', 'description': 'W291 trailing whitespace'}, {'line': '40', 'char': '80', 'description': 'E501 line too long (100 > 79 characters)'}, {'line': '41', 'char': '65', 'description': 'W291 trailing whitespace'}, {'line': '45', 'char': '35', 'description': 'W291 trailing whitespace'}, {'line': '58', 'char': '5', 'description': 'E303 too many blank lines (2)'}, {'line': '62', 'char': '1', 'description': 'W293 blank line contains whitespace'}, {'line': '64', 'char': '5', 'description': 'E303 too many blank lines (2)'}, {'line': '73', 'char': '28', 'description': 'W292 no newline at end of file'}])